
> ai-ats@0.1.0 build
> next build

node.exe : ΓÜá 
`eslint` 
configuration in 
next.config.ts is no 
longer supported. 
See more info here: h
ttps://nextjs.org/doc
s/app/api-reference/c
li/next#next-lint-opt
ions
At C:\Program Files\n
odejs\npm.ps1:29 
char:3
+   & $NODE_EXE 
$NPM_CLI_JS $args
+   ~~~~~~~~~~~~~~~~~
~~~~~~~~~~~~
    + CategoryInfo   
           : NotSpe  
  cified: (ΓÜá `es   
 lint` co...xt-li    
nt-options:Strin    
g) [], RemoteExc    
eption
    + FullyQualified 
   ErrorId : Native  
  CommandError
 
ΓÜá Invalid 
next.config.ts 
options detected: 
ΓÜá     Unrecognized 
key(s) in object: 
'eslint'
ΓÜá See more info 
here: https://nextjs.
org/docs/messages/inv
alid-next-config
Γû▓ Next.js 16.1.1 (Turbopack)
- Environments: .env

ΓÜá The "middleware" 
file convention is 
deprecated. Please 
use "proxy" instead. 
Learn more: https://n
extjs.org/docs/messag
es/middleware-to-prox
y
  Creating an optimized production build ...

> Build error 
occurred
Error: Turbopack 
build failed with 1 
errors:
./app/actions/auth.ts
:3:1
Module not found: 
Can't resolve 
'@/lib/neon'
[0m [90m 1 |[39m 
[32m"use 
server"[39m
 [90m 2 |[39m
[31m[1m>[22m[39m
[90m 3 |[39m 
[36mimport[39m { 
sql } [36mfrom[39m 
[32m"@/lib/neon"[39
m
 [90m   |[39m [31m
[1m^[22m[39m[31m
[1m^[22m[39m[31m[
1m^[22m[39m[31m[1
m^[22m[39m[31m[1m
^[22m[39m[31m[1m^
[22m[39m[31m[1m^
[22m[39m[31m[1m^[
22m[39m[31m[1m^[2
2m[39m[31m[1m^[22
m[39m[31m[1m^[22m
[39m[31m[1m^[22m
[39m[31m[1m^[22m[
39m[31m[1m^[22m[3
9m[31m[1m^[22m[39
m[31m[1m^[22m[39m
[31m[1m^[22m[39m
[31m[1m^[22m[39m[
31m[1m^[22m[39m[3
1m[1m^[22m[39m[31
m[1m^[22m[39m[31m
[1m^[22m[39m[31m
[1m^[22m[39m[31m[
1m^[22m[39m[31m[1
m^[22m[39m[31m[1m
^[22m[39m[31m[1m^
[22m[39m[31m[1m^
[22m[39m[31m[1m^[
22m[39m[31m[1m^[2
2m[39m[31m[1m^[22
m[39m[31m[1m^[22m
[39m
 [90m 4 |[39m 
[36mimport[39m 
bcrypt 
[36mfrom[39m 
[32m"bcryptjs"[39m
 [90m 5 |[39m 
[36mimport[39m { z 
} [36mfrom[39m 
[32m"zod"[39m
 [90m 6 |[39m[0m

Import map: aliased 
to relative 
'./lib/neon' inside 
of [project]/


https://nextjs.org/do
cs/messages/module-no
t-found


    at <unknown> (./a
pp/actions/auth.ts:3:
1)
    at <unknown> (htt
ps://nextjs.org/docs/
messages/module-not-f
ound)
