node.exe : ΓÜá 
`eslint` 
configuration in 
next.config.ts is no 
longer supported. 
See more info here: h
ttps://nextjs.org/doc
s/app/api-reference/c
li/next#next-lint-opt
ions
At C:\Program Files\n
odejs\npx.ps1:29 
char:3
+   & $NODE_EXE 
$NPX_CLI_JS $args
+   ~~~~~~~~~~~~~~~~~
~~~~~~~~~~~~
    + CategoryInfo   
           : NotSpe  
  cified: (ΓÜá `es   
 lint` co...xt-li    
nt-options:Strin    
g) [], RemoteExc    
eption
    + FullyQualified 
   ErrorId : Native  
  CommandError
 
ΓÜá Invalid 
next.config.ts 
options detected: 
ΓÜá     Unrecognized 
key(s) in object: 
'eslint'
ΓÜá See more info 
here: https://nextjs.
org/docs/messages/inv
alid-next-config
Γû▓ Next.js 16.1.1 (Turbopack)
- Environments: .env

ΓÜá The "middleware" 
file convention is 
deprecated. Please 
use "proxy" instead. 
Learn more: https://n
extjs.org/docs/messag
es/middleware-to-prox
y
  Creating an optimized production build ...

> Build error 
occurred
Error: Turbopack 
build failed with 2 
errors:
./app/(dashboard)/exa
ms/page.tsx:4:1
Module not found: 
Can't resolve 
'@/lib/db'
[0m [90m 2 |[39m 
[36mimport[39m { 
authOptions } 
[36mfrom[39m [32m"
@/lib/auth"[39m
 [90m 3 |[39m 
[36mimport[39m { 
redirect } 
[36mfrom[39m [32m"
next/navigation"[39m
[31m[1m>[22m[39m
[90m 4 |[39m 
[36mimport[39m { 
prisma [36mas[39m 
db } [36mfrom[39m 
[32m"@/lib/db"[39m
 [90m   |[39m [31m
[1m^[22m[39m[31m
[1m^[22m[39m[31m[
1m^[22m[39m[31m[1
m^[22m[39m[31m[1m
^[22m[39m[31m[1m^
[22m[39m[31m[1m^
[22m[39m[31m[1m^[
22m[39m[31m[1m^[2
2m[39m[31m[1m^[22
m[39m[31m[1m^[22m
[39m[31m[1m^[22m
[39m[31m[1m^[22m[
39m[31m[1m^[22m[3
9m[31m[1m^[22m[39
m[31m[1m^[22m[39m
[31m[1m^[22m[39m
[31m[1m^[22m[39m[
31m[1m^[22m[39m[3
1m[1m^[22m[39m[31
m[1m^[22m[39m[31m
[1m^[22m[39m[31m
[1m^[22m[39m[31m[
1m^[22m[39m[31m[1
m^[22m[39m[31m[1m
^[22m[39m[31m[1m^
[22m[39m[31m[1m^
[22m[39m[31m[1m^[
22m[39m[31m[1m^[2
2m[39m[31m[1m^[22
m[39m[31m[1m^[22m
[39m[31m[1m^[22m
[39m[31m[1m^[22m[
39m[31m[1m^[22m[3
9m[31m[1m^[22m[39
m[31m[1m^[22m[39m
[31m[1m^[22m[39m
[31m[1m^[22m[39m
 [90m 5 |[39m 
[36mimport[39m { [
33mCard[39m[33m,[3
9m [33mCardContent[
39m[33m,[39m [33mC
ardHeader[39m[33m,
[39m [33mCardTitle[
39m[33m,[39m [33mC
ardDescription[39m 
} [36mfrom[39m [32
m"@/components/ui/car
d"[39m
 [90m 6 |[39m 
[36mimport[39m { 
[33mButton[39m } 
[36mfrom[39m [32m"
@/components/ui/butto
n"[39m
 [90m 7 |[39m 
[36mimport[39m 
[33mLink[39m 
[36mfrom[39m [32m"
next/link"[39m[0m

Import map: aliased 
to relative 
'./lib/db' inside of 
[project]/


https://nextjs.org/do
cs/messages/module-no
t-found


./app/(dashboard)/int
erviews/[id]/page.tsx
:1:1
Module not found: 
Can't resolve 
'@/lib/db'
[0m[31m[1m>[22m[
39m[90m 1 |[39m 
[36mimport[39m { 
prisma [36mas[39m 
db } [36mfrom[39m 
[32m"@/lib/db"[39m
 [90m   |[39m [31m
[1m^[22m[39m[31m
[1m^[22m[39m[31m[
1m^[22m[39m[31m[1
m^[22m[39m[31m[1m
^[22m[39m[31m[1m^
[22m[39m[31m[1m^
[22m[39m[31m[1m^[
22m[39m[31m[1m^[2
2m[39m[31m[1m^[22
m[39m[31m[1m^[22m
[39m[31m[1m^[22m
[39m[31m[1m^[22m[
39m[31m[1m^[22m[3
9m[31m[1m^[22m[39
m[31m[1m^[22m[39m
[31m[1m^[22m[39m
[31m[1m^[22m[39m[
31m[1m^[22m[39m[3
1m[1m^[22m[39m[31
m[1m^[22m[39m[31m
[1m^[22m[39m[31m
[1m^[22m[39m[31m[
1m^[22m[39m[31m[1
m^[22m[39m[31m[1m
^[22m[39m[31m[1m^
[22m[39m[31m[1m^
[22m[39m[31m[1m^[
22m[39m[31m[1m^[2
2m[39m[31m[1m^[22
m[39m[31m[1m^[22m
[39m[31m[1m^[22m
[39m[31m[1m^[22m[
39m[31m[1m^[22m[3
9m[31m[1m^[22m[39
m[31m[1m^[22m[39m
[31m[1m^[22m[39m
[31m[1m^[22m[39m
 [90m 2 |[39m 
[36mimport[39m { 
getServerSession } 
[36mfrom[39m 
[32m"next-auth"[39m
 [90m 3 |[39m 
[36mimport[39m { 
authOptions } 
[36mfrom[39m [32m"
@/lib/auth"[39m
 [90m 4 |[39m 
[36mimport[39m { 
notFound[33m,[39m 
redirect } 
[36mfrom[39m [32m"
next/navigation"[39m
[0m

Import map: aliased 
to relative 
'./lib/db' inside of 
[project]/


https://nextjs.org/do
cs/messages/module-no
t-found


    at <unknown> (./a
pp/(dashboard)/exams/
page.tsx:4:1)
    at <unknown> (htt
ps://nextjs.org/docs/
messages/module-not-f
ound)
    at <unknown> (./a
pp/(dashboard)/interv
iews/[id]/page.tsx:1:
1)
    at <unknown> (htt
ps://nextjs.org/docs/
messages/module-not-f
ound)
