app/(dashboard)/dashboard/admin/page.tsx(32,76): error TS2339: Property 'atsScore' does not exist on type 'never'.
app/(dashboard)/dashboard/admin/page.tsx(37,60): error TS2339: Property 'id' does not exist on type '{ user: { name: any; email: any; image: null; }; resumes: never[]; atsScore: { score: any; status: any; }; exams: any; interviews: never[]; }'.
app/(dashboard)/dashboard/admin/page.tsx(42,82): error TS2339: Property 'preferredRole' does not exist on type '{ user: { name: any; email: any; image: null; }; resumes: never[]; atsScore: { score: any; status: any; }; exams: any; interviews: never[]; }'.
app/(dashboard)/dashboard/admin/page.tsx(61,72): error TS2339: Property 'status' does not exist on type 'never'.
app/(dashboard)/dashboard/admin/page.tsx(64,72): error TS2339: Property 'fileUrl' does not exist on type 'never'.
app/(dashboard)/dashboard/admin/page.tsx(66,90): error TS2339: Property 'fileUrl' does not exist on type 'never'.
app/(dashboard)/dashboard/page.tsx(28,44): error TS2339: Property 'resumes' does not exist on type '{ userId: any; preferredRole: any; }'.
app/(dashboard)/dashboard/page.tsx(48,98): error TS2339: Property 'scheduledAt' does not exist on type 'never'.
app/(dashboard)/exams/[id]/exam-interface.tsx(6,44): error TS2307: Cannot find module '@/components/ui/radio-group' or its corresponding type declarations.
app/(dashboard)/exams/page.tsx(4,30): error TS2307: Cannot find module '@/lib/db' or its corresponding type declarations.
app/(dashboard)/interviews/[id]/interview-room.tsx(6,28): error TS2307: Cannot find module '@/components/ui/scroll-area' or its corresponding type declarations.
app/(dashboard)/interviews/[id]/page.tsx(1,30): error TS2307: Cannot find module '@/lib/db' or its corresponding type declarations.
app/(dashboard)/profile/profile-form.tsx(17,8): error TS2307: Cannot find module '@/components/ui/form' or its corresponding type declarations.
components/ui/label.tsx(2,33): error TS2307: Cannot find module '@radix-ui/react-label' or its corresponding type declarations.
